// Jest Snapshot v1, https://goo.gl/fbAQLP

exports[`code block lexer check Complex raw node 1`] = `
Array [
  Object {
    "children": Array [],
    "parent": Object {
      "children": Array [
        Object {
          "parent": [Circular],
          "pos": Object {
            "end": 47,
            "start": 0,
          },
          "text": "Sample text
\`\`\`
Code block
\`\`\`
New sample text
",
          "type": "Raw",
        },
      ],
      "parent": null,
      "path": "test.md",
      "pos": Object {
        "end": 47,
        "start": 0,
      },
      "raw": "Sample text
\`\`\`
Code block
\`\`\`
New sample text
",
      "type": "File",
    },
    "pos": Object {
      "end": 12,
      "start": 0,
    },
    "text": "Sample text
",
    "type": "Text",
  },
  Object {
    "codeBlockStyle": null,
    "lang": null,
    "parent": Object {
      "children": Array [
        Object {
          "parent": [Circular],
          "pos": Object {
            "end": 47,
            "start": 0,
          },
          "text": "Sample text
\`\`\`
Code block
\`\`\`
New sample text
",
          "type": "Raw",
        },
      ],
      "parent": null,
      "path": "test.md",
      "pos": Object {
        "end": 47,
        "start": 0,
      },
      "raw": "Sample text
\`\`\`
Code block
\`\`\`
New sample text
",
      "type": "File",
    },
    "pos": Object {
      "end": 30,
      "start": 12,
    },
    "text": "Code block",
    "type": "Code",
  },
  Object {
    "children": Array [],
    "parent": Object {
      "children": Array [
        Object {
          "parent": [Circular],
          "pos": Object {
            "end": 47,
            "start": 0,
          },
          "text": "Sample text
\`\`\`
Code block
\`\`\`
New sample text
",
          "type": "Raw",
        },
      ],
      "parent": null,
      "path": "test.md",
      "pos": Object {
        "end": 47,
        "start": 0,
      },
      "raw": "Sample text
\`\`\`
Code block
\`\`\`
New sample text
",
      "type": "File",
    },
    "pos": Object {
      "end": 47,
      "start": 30,
    },
    "text": "
New sample text
",
    "type": "Text",
  },
]
`;

exports[`code block lexer check Error raw node 1`] = `
Array [
  Object {
    "errorType": 0,
    "filePath": "test.md",
    "message": "Unable to find closing quotes for block code",
    "pos": Object {
      "end": Object {
        "absolute": 15,
        "column": 4,
        "line": 2,
      },
      "start": Object {
        "absolute": 12,
        "column": 1,
        "line": 2,
      },
    },
    "severity": "ERROR",
  },
]
`;
